../Core/Src/main.c:87:5:__io_putchar	16	static
../Core/Src/main.c:93:9:SD_IsCardDetected	8	static
../Core/Src/main.c:99:6:SDMount	8	static
../Core/Src/main.c:108:6:SDUnmount	8	static
../Core/Src/main.c:117:6:OpenFile	16	static
../Core/Src/main.c:152:6:CloseFile	8	static
../Core/Src/main.c:162:6:CheckSize	112	static
../Core/Src/main.c:178:6:WriteFile	16	static
../Core/Src/main.c:208:6:ReadFile	16	static
../Core/Src/main.c:249:6:ProcessCommand	32	static
../Core/Src/main.c:278:6:ShowHelp	8	static
../Core/Src/main.c:299:5:main	16	static
../Core/Src/main.c:377:6:SystemClock_Config	88	static
../Core/Src/main.c:416:6:HAL_UART_RxCpltCallback	16	static
../Core/Src/main.c:440:6:Error_Handler	4	static,ignoring_inline_asm
