../Core/Src/main.c:128:5:__io_putchar	16	static
../Core/Src/main.c:135:6:FDCAN_Init	40	static
../Core/Src/main.c:166:17:Calculate_Modbus_CRC16	24	static
../Core/Src/main.c:188:19:Send_Modbus_Request	40	static
../Core/Src/main.c:221:19:Process_Modbus_Response	32	static
../Core/Src/main.c:269:6:Request_Sensor_Data	8	static
../Core/Src/main.c:277:6:Parse_Wind_Sensor_Response	24	static
../Core/Src/main.c:294:19:Bridge_Sensor_to_FDCAN	80	static
../Core/Src/main.c:344:5:main	24	static
../Core/Src/main.c:434:6:SystemClock_Config	88	static
../Core/Src/main.c:474:6:HAL_UART_RxCpltCallback	16	static
../Core/Src/main.c:496:6:Error_Handler	4	static,ignoring_inline_asm
