../Core/Src/main.c:90:5:__io_putchar	16	static
../Core/Src/main.c:96:9:SD_IsCardDetected	8	static
../Core/Src/main.c:102:6:SDMount	16	static
../Core/Src/main.c:113:6:SDUnmount	16	static
../Core/Src/main.c:124:6:OpenFile	24	static
../Core/Src/main.c:156:6:CloseFile	16	static
../Core/Src/main.c:170:6:CheckSize	112	static
../Core/Src/main.c:186:6:WriteFile	16	static
../Core/Src/main.c:210:6:ReadFile	16	static
../Core/Src/main.c:244:6:ProcessCommand	32	static
../Core/Src/main.c:292:6:ShowHelp	8	static
../Core/Src/main.c:307:6:DisplayImageFromSD	216	static
../Core/Src/main.c:494:9:enhanceGrayscale	24	static
../Core/Src/main.c:532:9:gammaCorrectGrayscale	24	static
../Core/Src/main.c:537:6:DisplayImageFromSD_Enhanced	168	static
../Core/Src/main.c:664:5:main	16	static
../Core/Src/main.c:747:6:SystemClock_Config	88	static
../Core/Src/main.c:789:6:HAL_UART_RxCpltCallback	16	static
../Core/Src/main.c:813:6:Error_Handler	4	static,ignoring_inline_asm
