../Core/Src/main.c:127:5:__io_putchar	16	static
../Core/Src/main.c:133:9:SD_IsCardDetected	8	static
../Core/Src/main.c:138:6:SDMount	16	static
../Core/Src/main.c:150:6:SDUnmount	16	static
../Core/Src/main.c:165:6:OpenFile	24	static
../Core/Src/main.c:191:6:CloseFile	16	static
../Core/Src/main.c:208:6:CheckSize	16	static
../Core/Src/main.c:227:6:WriteFile	24	static
../Core/Src/main.c:263:6:ReadFile	16	static
../Core/Src/main.c:306:6:ProcessCommand	16	static
../Core/Src/main.c:356:6:ShowHelp	8	static
../Core/Src/main.c:377:5:main	16	static
../Core/Src/main.c:439:6:SystemClock_Config	88	static
../Core/Src/main.c:476:6:HAL_UART_RxCpltCallback	16	static
../Core/Src/main.c:501:6:Error_Handler	4	static,ignoring_inline_asm
