../Core/Src/oled.c:11:13:OLED_write_cmd	16	static
../Core/Src/oled.c:20:13:OLED_write_data	16	static
../Core/Src/oled.c:29:13:OLED_set_window	32	static
../Core/Src/oled.c:46:6:OLED_init	24	static
../Core/Src/oled.c:148:6:OLED_fill	152	static
../Core/Src/oled.c:168:16:colbyte_from_x	16	static
../Core/Src/oled.c:175:16:rowaddr_from_y	16	static
../Core/Src/oled.c:183:6:oled_drawChar	192	static
../Core/Src/oled.c:246:6:oled_drawString	40	static
../Core/Src/oled.c:270:6:oled_drawPixel	32	static
../Core/Src/oled.c:296:6:oled_update	4	static
../Core/Src/oled.c:303:6:oled_drawBitmap	40	static
../Core/Src/oled.c:330:6:oled_drawBitmapCenter	32	static
../Core/Src/oled.c:344:6:oled_drawRect	32	static
../Core/Src/oled.c:355:6:oled_setPixelInBuffer	32	static
../Core/Src/oled.c:376:6:oled_updateDisplay	8	static
../Core/Src/oled.c:383:6:oled_clearBuffer	8	static
../Core/Src/oled.c:388:6:OLED_setAntiFlicker	8	static
../Core/Src/oled.c:405:6:OLED_setCameraMode	8	static
