../Core/Src/oled.c:17:13:OLED_write_cmd	16	static
../Core/Src/oled.c:26:13:OLED_write_data	16	static
../Core/Src/oled.c:35:13:OLED_set_window	32	static
../Core/Src/oled.c:52:6:OLED_init	24	static
../Core/Src/oled.c:154:6:OLED_fill	152	static
../Core/Src/oled.c:174:16:colbyte_from_x	16	static
../Core/Src/oled.c:181:16:rowaddr_from_y	16	static
../Core/Src/oled.c:189:6:oled_drawChar	192	static
../Core/Src/oled.c:252:6:oled_drawString	40	static
../Core/Src/oled.c:276:6:oled_drawPixel	32	static
../Core/Src/oled.c:302:6:oled_update	4	static
../Core/Src/oled.c:309:6:oled_drawBitmap	40	static
../Core/Src/oled.c:342:6:oled_drawBitmapCenter	32	static
../Core/Src/oled.c:356:6:oled_setPixelInBuffer	32	static
../Core/Src/oled.c:377:6:oled_updateDisplay	8	static
../Core/Src/oled.c:384:6:oled_clearBuffer	8	static
../Core/Src/oled.c:391:6:DisplayImageFromSD_Enhanced	168	static
../Core/Src/oled.c:532:6:OLED_setCameraMode	8	static
