../Core/Src/main.c:126:5:__io_putchar	16	static
../Core/Src/main.c:133:6:FDCAN_Init	40	static
../Core/Src/main.c:164:17:Calculate_Modbus_CRC16	24	static
../Core/Src/main.c:186:19:Send_Modbus_Request	40	static
../Core/Src/main.c:215:19:Process_Modbus_Response	24	static
../Core/Src/main.c:237:6:Request_Sensor_Data	8	static
../Core/Src/main.c:245:6:Parse_Wind_Sensor_Response	24	static
../Core/Src/main.c:262:19:Bridge_Sensor_to_FDCAN	64	static
../Core/Src/main.c:314:5:main	24	static
../Core/Src/main.c:423:6:SystemClock_Config	88	static
../Core/Src/main.c:463:6:HAL_UART_RxCpltCallback	16	static
../Core/Src/main.c:489:6:Error_Handler	4	static,ignoring_inline_asm
