../Core/Src/Apps/SD/sd_func.c:21:9:sdCardInit	16	static
../Core/Src/Apps/SD/sd_func.c:32:9:sdCardMount	8	static
../Core/Src/Apps/SD/sd_func.c:42:9:sdCardUnMount	8	static
../Core/Src/Apps/SD/sd_func.c:52:6:sdIsCardDetected	16	static
../Core/Src/Apps/SD/sd_func.c:67:6:openFile	16	static
../Core/Src/Apps/SD/sd_func.c:102:6:closeFile	8	static
../Core/Src/Apps/SD/sd_func.c:117:6:checkSize	16	static
../Core/Src/Apps/SD/sd_func.c:134:6:writeFile	16	static
../Core/Src/Apps/SD/sd_func.c:168:6:readFile	16	static
