../Core/Src/hw/hw_sd.c:13:13:select	8	static
../Core/Src/hw/hw_sd.c:20:13:deselect	8	static
../Core/Src/hw/hw_sd.c:27:13:spiTxByte	16	static
../Core/Src/hw/hw_sd.c:34:13:spiTxBuffer	16	static
../Core/Src/hw/hw_sd.c:41:16:spiRxByte	24	static
../Core/Src/hw/hw_sd.c:52:13:spiRxBytePtr	16	static
../Core/Src/hw/hw_sd.c:58:16:sdReadyWait	16	static
../Core/Src/hw/hw_sd.c:72:13:sdPowerOn	24	static
../Core/Src/hw/hw_sd.c:107:13:sdPowerOff	4	static
../Core/Src/hw/hw_sd.c:116:6:hwSdInit	8	static
../Core/Src/hw/hw_sd.c:121:9:hwSdCheckPower	4	static
../Core/Src/hw/hw_sd.c:126:6:hwSdPowerOff	8	static
../Core/Src/hw/hw_sd.c:131:9:hwSdGetStatus	4	static
../Core/Src/hw/hw_sd.c:136:6:hwSdClearStatus	16	static
../Core/Src/hw/hw_sd.c:141:9:hwSdGetCardType	4	static
../Core/Src/hw/hw_sd.c:146:6:hwSdSetCardType	16	static
../Core/Src/hw/hw_sd.c:151:6:hwSdSelect	8	static
../Core/Src/hw/hw_sd.c:156:6:hwSdDeselect	8	static
../Core/Src/hw/hw_sd.c:161:9:hwSdRxByte	8	static
../Core/Src/hw/hw_sd.c:166:6:hwSdSetTimer	16	static
../Core/Src/hw/hw_sd.c:171:10:hwSdGetTimer	4	static
../Core/Src/hw/hw_sd.c:176:9:hwSdReadyWait	8	static
../Core/Src/hw/hw_sd.c:181:6:hwSdRxDataBlock	24	static
../Core/Src/hw/hw_sd.c:208:6:hwSdTxDataBlock	24	static
../Core/Src/hw/hw_sd.c:240:6:hwSdSendCmd	24	static
