../Core/Src/ap/ap_oled.c:6:6:apOledInit	16	static
../Core/Src/ap/ap_oled.c:22:6:apOledClear	16	static
../Core/Src/ap/ap_oled.c:27:6:apOledFill	16	static
../Core/Src/ap/ap_oled.c:33:6:apOledUpdate	8	static
../Core/Src/ap/ap_oled.c:44:6:apOledDrawPixel	32	static
../Core/Src/ap/ap_oled.c:64:6:apOledDrawChar	64	static
../Core/Src/ap/ap_oled.c:113:6:apOledDrawString	40	static
../Core/Src/ap/ap_oled.c:150:6:apOledDrawRect	40	static
../Core/Src/ap/ap_oled.c:177:6:apOledDrawFilledRect	32	static
../Core/Src/ap/ap_oled.c:188:6:apOledDrawLine	48	static
../Core/Src/ap/ap_oled.c:218:6:apOledDrawBitmap	40	static
../Core/Src/ap/ap_oled.c:247:6:apOledDrawBitmapCenter	32	static
../Core/Src/ap/ap_oled.c:257:6:apOledDisplayImageFromSD	4296	dynamic
../Core/Src/ap/ap_oled.c:342:6:apOledSetCameraMode	16	static
../Core/Src/ap/ap_oled.c:354:6:apOledTest	40	static
